This file contains any messages produced by compilers while
running configure, to aid debugging if configure makes a mistake.

It was created by FINANCEMCP configure 1.0, which was
generated by GNU Autoconf 2.72.  Invocation command line was

  $ ./configure --no-create --no-recursion

## --------- ##
## Platform. ##
## --------- ##

hostname = lenovo-2.punks.work
uname -m = x86_64
uname -r = 7.2.5-100.fc43.x86_64
uname -s = Linux
uname -v = #1 SMP PREEMPT_DYNAMIC Fri Sep 11 14:07:47 UTC 2026

/usr/bin/uname -p = unknown
/bin/uname -X     = unknown

/bin/arch              = x86_64
/usr/bin/arch -k       = unknown
/usr/convex/getsysinfo = unknown
/usr/bin/hostinfo      = unknown
/bin/machine           = unknown
/usr/bin/oslevel       = unknown
/bin/universe          = unknown

PATH: /home/sergei/.local/bin/
PATH: /home/sergei/bin/
PATH: /usr/local/bin/
PATH: /usr/bin/
PATH: /usr/local/sbin/
PATH: /usr/sbin/


## ----------- ##
## Core tests. ##
## ----------- ##

configure:1704: looking for aux files: missing install-sh
configure:1717:  trying ./
configure:1746:   ./missing found
configure:1728:   ./install-sh found
configure:1876: checking for a BSD-compatible install
configure:1950: result: /usr/bin/install -c
configure:1961: checking whether sleep supports fractional seconds
configure:1977: result: yes
configure:1980: checking filesystem timestamp resolution
configure:2115: result: 0.01
configure:2120: checking whether build environment is sane
configure:2165: result: yes
configure:2336: checking for a race-free mkdir -p
configure:2379: result: /usr/bin/mkdir -p
configure:2386: checking for gawk
configure:2407: found /usr/bin/gawk
configure:2419: result: gawk
configure:2430: checking whether make sets $(MAKE)
configure:2454: result: yes
configure:2480: checking whether make supports nested variables
configure:2499: result: yes
configure:2513: checking xargs -n works
configure:2529: result: yes
configure:2614: checking whether UID '1000' is supported by ustar format
configure:2620: result: yes
configure:2627: checking whether GID '1000' is supported by ustar format
configure:2633: result: yes
configure:2641: checking how to create a ustar tar archive
configure:2652: tar --version
tar (GNU tar) 1.35
Copyright (C) 2023 Free Software Foundation, Inc.
License GPLv3+: GNU GPL version 3 or later <https://gnu.org/licenses/gpl.html>.
This is free software: you are free to change and redistribute it.
There is NO WARRANTY, to the extent permitted by law.

Written by John Gilmore and Jay Fenlason.
configure:2655: $? = 0
configure:2695: tardir=conftest.dir && eval tar --format=ustar -chf - "$tardir" >conftest.tar
configure:2698: $? = 0
configure:2702: tar -xf - <conftest.tar
configure:2705: $? = 0
configure:2707: cat conftest.dir/file
GrepMe
configure:2710: $? = 0
configure:2725: result: gnutar
configure:2896: checking that generated files are newer than configure
configure:2902: result: done
configure:2922: creating ./config.status

## ---------------- ##
## Cache variables. ##
## ---------------- ##

ac_cv_env_build_alias_set=
ac_cv_env_build_alias_value=
ac_cv_env_host_alias_set=
ac_cv_env_host_alias_value=
ac_cv_env_target_alias_set=
ac_cv_env_target_alias_value=
ac_cv_path_install='/usr/bin/install -c'
ac_cv_path_mkdir=/usr/bin/mkdir
ac_cv_prog_AWK=gawk
ac_cv_prog_make_make_set=yes
am_cv_filesystem_timestamp_resolution=0.01
am_cv_make_support_nested_variables=yes
am_cv_prog_tar_ustar=gnutar
am_cv_sleep_fractional_seconds=yes
am_cv_xargs_n_works=yes

## ----------------- ##
## Output variables. ##
## ----------------- ##

ACLOCAL='${SHELL} '\''/home/sergei/Projects/finance_mcp/missing'\'' aclocal-1.18'
AMTAR='$${TAR-tar}'
AM_BACKSLASH='\'
AM_DEFAULT_V='$(AM_DEFAULT_VERBOSITY)'
AM_DEFAULT_VERBOSITY='1'
AM_V='$(V)'
AUTOCONF='${SHELL} '\''/home/sergei/Projects/finance_mcp/missing'\'' autoconf'
AUTOHEADER='${SHELL} '\''/home/sergei/Projects/finance_mcp/missing'\'' autoheader'
AUTOMAKE='${SHELL} '\''/home/sergei/Projects/finance_mcp/missing'\'' automake-1.18'
AWK='gawk'
CSCOPE='cscope'
CTAGS='ctags'
CYGPATH_W='echo'
DEFS='-DPACKAGE_NAME=\"FINANCEMCP\" -DPACKAGE_TARNAME=\"financemcp\" -DPACKAGE_VERSION=\"1.0\" -DPACKAGE_STRING=\"FINANCEMCP\ 1.0\" -DPACKAGE_BUGREPORT=\"admin@punks.work\" -DPACKAGE_URL=\"\" -DPACKAGE=\"financemcp\" -DVERSION=\"1.0\"'
ECHO_C=''
ECHO_N='-n'
ECHO_T=''
ETAGS='etags'
INSTALL_DATA='${INSTALL} -m 644'
INSTALL_PROGRAM='${INSTALL}'
INSTALL_SCRIPT='${INSTALL}'
INSTALL_STRIP_PROGRAM='$(install_sh) -c -s'
LIBOBJS=''
LIBS=''
LTLIBOBJS=''
MAKEINFO='${SHELL} '\''/home/sergei/Projects/finance_mcp/missing'\'' makeinfo'
MKDIR_P='/usr/bin/mkdir -p'
PACKAGE='financemcp'
PACKAGE_BUGREPORT='admin@punks.work'
PACKAGE_NAME='FINANCEMCP'
PACKAGE_STRING='FINANCEMCP 1.0'
PACKAGE_TARNAME='financemcp'
PACKAGE_URL=''
PACKAGE_VERSION='1.0'
PATH_SEPARATOR=':'
SET_MAKE=''
SHELL='/bin/sh'
STRIP=''
VERSION='1.0'
am__isrc=''
am__leading_dot='.'
am__rm_f_notfound=''
am__tar='tar --format=ustar -chf - "$$tardir"'
am__untar='tar -xf -'
am__xargs_n='xargs -n'
bindir='${exec_prefix}/bin'
build_alias=''
datadir='${datarootdir}'
datarootdir='${prefix}/share'
docdir='${datarootdir}/doc/${PACKAGE_TARNAME}'
dvidir='${docdir}'
exec_prefix='${prefix}'
host_alias=''
htmldir='${docdir}'
includedir='${prefix}/include'
infodir='${datarootdir}/info'
install_sh='${SHELL} /home/sergei/Projects/finance_mcp/install-sh'
libdir='${exec_prefix}/lib'
libexecdir='${exec_prefix}/libexec'
localedir='${datarootdir}/locale'
localstatedir='${prefix}/var'
mandir='${datarootdir}/man'
mkdir_p='$(MKDIR_P)'
oldincludedir='/usr/include'
pdfdir='${docdir}'
prefix='/usr/local'
program_transform_name='s,x,x,'
psdir='${docdir}'
runstatedir='${localstatedir}/run'
sbindir='${exec_prefix}/sbin'
sharedstatedir='${prefix}/com'
sysconfdir='${prefix}/etc'
target_alias=''

## ----------- ##
## confdefs.h. ##
## ----------- ##

/* confdefs.h */
#define PACKAGE_NAME "FINANCEMCP"
#define PACKAGE_TARNAME "financemcp"
#define PACKAGE_VERSION "1.0"
#define PACKAGE_STRING "FINANCEMCP 1.0"
#define PACKAGE_BUGREPORT "admin@punks.work"
#define PACKAGE_URL ""
#define PACKAGE "financemcp"
#define VERSION "1.0"

configure: exit 0

## ---------------------- ##
## Running config.status. ##
## ---------------------- ##

This file was extended by FINANCEMCP config.status 1.0, which was
generated by GNU Autoconf 2.72.  Invocation command line was

  CONFIG_FILES    = 
  CONFIG_HEADERS  = 
  CONFIG_LINKS    = 
  CONFIG_COMMANDS = 
  $ ./config.status 

on lenovo-2.punks.work

config.status:744: creating Makefile

## ---------------------- ##
## Running config.status. ##
## ---------------------- ##

This file was extended by FINANCEMCP config.status 1.0, which was
generated by GNU Autoconf 2.72.  Invocation command line was

  CONFIG_FILES    = 
  CONFIG_HEADERS  = 
  CONFIG_LINKS    = 
  CONFIG_COMMANDS = 
  $ ./config.status Makefile

on lenovo-2.punks.work

config.status:744: creating Makefile

## ---------------------- ##
## Running config.status. ##
## ---------------------- ##

This file was extended by FINANCEMCP config.status 1.0, which was
generated by GNU Autoconf 2.72.  Invocation command line was

  CONFIG_FILES    = 
  CONFIG_HEADERS  = 
  CONFIG_LINKS    = 
  CONFIG_COMMANDS = 
  $ ./config.status Makefile

on lenovo-2.punks.work

config.status:744: creating Makefile

## ---------------------- ##
## Running config.status. ##
## ---------------------- ##

This file was extended by FINANCEMCP config.status 1.0, which was
generated by GNU Autoconf 2.72.  Invocation command line was

  CONFIG_FILES    = 
  CONFIG_HEADERS  = 
  CONFIG_LINKS    = 
  CONFIG_COMMANDS = 
  $ ./config.status Makefile

on lenovo-2.punks.work

config.status:744: creating Makefile
